09:03:58 **** Incremental Build of configuration Debug for project Bootloader_STM32F407 ****
make -j8 all 
arm-none-eabi-gcc "../Core/Src/main.c" -mcpu=cortex-m4 -std=gnu11 -g3 -DDEBUG -DUSE_HAL_DRIVER -DSTM32F407xx -c -I../Core/Inc -I../Drivers/STM32F4xx_HAL_Driver/Inc -I../Drivers/STM32F4xx_HAL_Driver/Inc/Legacy -I../Drivers/CMSIS/Device/ST/STM32F4xx/Include -I../Drivers/CMSIS/Include -O0 -ffunction-sections -fdata-sections -Wall -fstack-usage -fcyclomatic-complexity -MMD -MP -MF"Core/Src/main.d" -MT"Core/Src/main.o" --specs=nano.specs -mfpu=fpv4-sp-d16 -mfloat-abi=hard -mthumb -o "Core/Src/main.o"
arm-none-eabi-gcc -o "Bootloader_STM32F407.elf" @"objects.list"   -mcpu=cortex-m4 -T"D:\Soorya\Training\CustomBootloader\Bootloader_STM32F407\STM32F407VGTX_FLASH.ld" --specs=nosys.specs -Wl,-Map="Bootloader_STM32F407.map" -Wl,--gc-sections -static --specs=nano.specs -mfpu=fpv4-sp-d16 -mfloat-abi=hard -mthumb -Wl,--start-group -lc -lm -Wl,--end-group
Finished building target: Bootloader_STM32F407.elf
 
arm-none-eabi-size  Bootloader_STM32F407.elf 
arm-none-eabi-objdump -h -S Bootloader_STM32F407.elf  > "Bootloader_STM32F407.list"
   text	   data	    bss	    dec	    hex	filename
   9460	     12	   1828	  11300	   2c24	Bootloader_STM32F407.elf
Finished building: default.size.stdout
 
Finished building: Bootloader_STM32F407.list
 

09:03:59 Build Finished. 0 errors, 0 warnings. (took 1s.469ms)

