../Core/Src/main.c:96:5:main	8	static
../Core/Src/main.c:145:6:SystemClock_Config	88	static
../Core/Src/main.c:191:13:MX_CRC_Init	8	static
../Core/Src/main.c:217:13:MX_USART2_UART_Init	8	static
../Core/Src/main.c:250:13:MX_USART3_UART_Init	8	static
../Core/Src/main.c:283:13:MX_GPIO_Init	56	static
../Core/Src/main.c:423:6:bootloader_RunUserCommands	16	static
../Core/Src/main.c:449:6:bootloader_JumpToApp	16	static,ignoring_inline_asm
../Core/Src/main.c:463:20:verify_crc	40	static
../Core/Src/main.c:485:13:ProcessUserCommands	16	static
../Core/Src/main.c:505:13:Bootloader_SendAck	24	static
../Core/Src/main.c:513:13:Bootloader_SendResponse	16	static
../Core/Src/main.c:518:13:Bootloader_SendNack	16	static
../Core/Src/main.c:524:16:Get_BL_Version	4	static
../Core/Src/main.c:534:6:Error_Handler	4	static,ignoring_inline_asm
