../Core/Src/main.c:85:5:main	8	static
../Core/Src/main.c:134:6:SystemClock_Config	88	static
../Core/Src/main.c:180:13:MX_CRC_Init	8	static
../Core/Src/main.c:206:13:MX_USART2_UART_Init	8	static
../Core/Src/main.c:239:13:MX_USART3_UART_Init	8	static
../Core/Src/main.c:272:13:MX_GPIO_Init	56	static
../Core/Src/main.c:412:6:bootloader_RunUserCommands	8	static
../Core/Src/main.c:433:6:bootloader_JumpToApp	16	static,ignoring_inline_asm
../Core/Src/main.c:452:6:Error_Handler	4	static,ignoring_inline_asm
